
[1 / 11]

=== Run N50  (N=50, σ_obs=0.01, n_stations=15) ===
Writing output at timestep = 0
Writing output at timestep = 1
Writing output at timestep = 2
Writing output at timestep = 3
Writing output at timestep = 4
Writing output at timestep = 5
Writing output at timestep = 6
Writing output at timestep = 7
Writing output at timestep = 8
Writing output at timestep = 9
Writing output at timestep = 10
Writing output at timestep = 11
Writing output at timestep = 12
Writing output at timestep = 13
Writing output at timestep = 14
Writing output at timestep = 15
Writing output at timestep = 16
Writing output at timestep = 17
Writing output at timestep = 18
Writing output at timestep = 19
Writing output at timestep = 20
Writing output at timestep = 21
Writing output at timestep = 22
Writing output at timestep = 23
Writing output at timestep = 24
Writing output at timestep = 25
Writing output at timestep = 26
Writing output at timestep = 27
Writing output at timestep = 28
Writing output at timestep = 29
Writing output at timestep = 30
Writing output at timestep = 31
Writing output at timestep = 32
Writing output at timestep = 33
Writing output at timestep = 34
Writing output at timestep = 35
Writing output at timestep = 36
Writing output at timestep = 37
Writing output at timestep = 38
Writing output at timestep = 39
Writing output at timestep = 40
Writing output at timestep = 41
Writing output at timestep = 42
Writing output at timestep = 43
Writing output at timestep = 44
Writing output at timestep = 45
Writing output at timestep = 46
Writing output at timestep = 47
Writing output at timestep = 48
Writing output at timestep = 49
Writing output at timestep = 50
Writing output at timestep = 51
Writing output at timestep = 52
Writing output at timestep = 53
Writing output at timestep = 54
Writing output at timestep = 55
Writing output at timestep = 56
Writing output at timestep = 57
Writing output at timestep = 58
Writing output at timestep = 59
Writing output at timestep = 60
Writing output at timestep = 61
Writing output at timestep = 62
Writing output at timestep = 63
Writing output at timestep = 64
Writing output at timestep = 65
Writing output at timestep = 66
Writing output at timestep = 67
Writing output at timestep = 68
Writing output at timestep = 69
Writing output at timestep = 70
Writing output at timestep = 71
Writing output at timestep = 72
Writing output at timestep = 73
Writing output at timestep = 74
Writing output at timestep = 75
Writing output at timestep = 76
Writing output at timestep = 77
Writing output at timestep = 78
Writing output at timestep = 79
Writing output at timestep = 80
Writing output at timestep = 81
Writing output at timestep = 82
Writing output at timestep = 83
Writing output at timestep = 84
Writing output at timestep = 85
Writing output at timestep = 86
Writing output at timestep = 87
Writing output at timestep = 88
Writing output at timestep = 89
Writing output at timestep = 90
Writing output at timestep = 91
Writing output at timestep = 92
Writing output at timestep = 93
Writing output at timestep = 94
Writing output at timestep = 95
Writing output at timestep = 96
Writing output at timestep = 97
Writing output at timestep = 98
Writing output at timestep = 99
Writing output at timestep = 100
  → min_ess=1.00  mean_ess=1.01  max_w=1.0000  mean_rmse=0.6309  time=21.6s
  plots refreshed.

[2 / 11]

=== Run N200  (N=200, σ_obs=0.01, n_stations=15) ===
Writing output at timestep = 0
Writing output at timestep = 1
Writing output at timestep = 2
Writing output at timestep = 3
Writing output at timestep = 4
Writing output at timestep = 5
Writing output at timestep = 6
Writing output at timestep = 7
Writing output at timestep = 8
Writing output at timestep = 9
Writing output at timestep = 10
Writing output at timestep = 11
Writing output at timestep = 12
Writing output at timestep = 13
Writing output at timestep = 14
Writing output at timestep = 15
Writing output at timestep = 16
Writing output at timestep = 17
Writing output at timestep = 18
Writing output at timestep = 19
Writing output at timestep = 20
Writing output at timestep = 21
Writing output at timestep = 22
Writing output at timestep = 23
Writing output at timestep = 24
Writing output at timestep = 25
Writing output at timestep = 26
Writing output at timestep = 27
Writing output at timestep = 28
Writing output at timestep = 29
Writing output at timestep = 30
Writing output at timestep = 31
Writing output at timestep = 32
Writing output at timestep = 33
Writing output at timestep = 34
Writing output at timestep = 35
Writing output at timestep = 36
Writing output at timestep = 37
Writing output at timestep = 38
Writing output at timestep = 39
Writing output at timestep = 40
Writing output at timestep = 41
Writing output at timestep = 42
Writing output at timestep = 43
Writing output at timestep = 44
Writing output at timestep = 45
Writing output at timestep = 46
Writing output at timestep = 47
Writing output at timestep = 48
Writing output at timestep = 49
Writing output at timestep = 50
Writing output at timestep = 51
Writing output at timestep = 52
Writing output at timestep = 53
Writing output at timestep = 54
Writing output at timestep = 55
Writing output at timestep = 56
Writing output at timestep = 57
Writing output at timestep = 58
Writing output at timestep = 59
Writing output at timestep = 60
Writing output at timestep = 61
Writing output at timestep = 62
Writing output at timestep = 63
Writing output at timestep = 64
Writing output at timestep = 65
Writing output at timestep = 66
Writing output at timestep = 67
Writing output at timestep = 68
Writing output at timestep = 69
Writing output at timestep = 70
Writing output at timestep = 71
Writing output at timestep = 72
Writing output at timestep = 73
Writing output at timestep = 74
Writing output at timestep = 75
Writing output at timestep = 76
Writing output at timestep = 77
Writing output at timestep = 78
Writing output at timestep = 79
Writing output at timestep = 80
Writing output at timestep = 81
Writing output at timestep = 82
Writing output at timestep = 83
Writing output at timestep = 84
Writing output at timestep = 85
Writing output at timestep = 86
Writing output at timestep = 87
Writing output at timestep = 88
Writing output at timestep = 89
Writing output at timestep = 90
Writing output at timestep = 91
Writing output at timestep = 92
Writing output at timestep = 93
Writing output at timestep = 94
Writing output at timestep = 95
Writing output at timestep = 96
Writing output at timestep = 97
Writing output at timestep = 98
Writing output at timestep = 99
Writing output at timestep = 100
  → min_ess=1.00  mean_ess=1.00  max_w=1.0000  mean_rmse=0.6193  time=71.5s
  plots refreshed.

[3 / 11]

=== Run sig0.1  (N=500, σ_obs=0.1, n_stations=15) ===
Writing output at timestep = 0
Writing output at timestep = 1
Writing output at timestep = 2
Writing output at timestep = 3
Writing output at timestep = 4
Writing output at timestep = 5
Writing output at timestep = 6
Writing output at timestep = 7
Writing output at timestep = 8
Writing output at timestep = 9
Writing output at timestep = 10
Writing output at timestep = 11
Writing output at timestep = 12
Writing output at timestep = 13
Writing output at timestep = 14
Writing output at timestep = 15
Writing output at timestep = 16
Writing output at timestep = 17
Writing output at timestep = 18
Writing output at timestep = 19
Writing output at timestep = 20
Writing output at timestep = 21
Writing output at timestep = 22
Writing output at timestep = 23
Writing output at timestep = 24
Writing output at timestep = 25
Writing output at timestep = 26
Writing output at timestep = 27
Writing output at timestep = 28
Writing output at timestep = 29
Writing output at timestep = 30
Writing output at timestep = 31
Writing output at timestep = 32
Writing output at timestep = 33
Writing output at timestep = 34
Writing output at timestep = 35
Writing output at timestep = 36
Writing output at timestep = 37
Writing output at timestep = 38
Writing output at timestep = 39
Writing output at timestep = 40
Writing output at timestep = 41
Writing output at timestep = 42
Writing output at timestep = 43
Writing output at timestep = 44
Writing output at timestep = 45
Writing output at timestep = 46
Writing output at timestep = 47
Writing output at timestep = 48
Writing output at timestep = 49
Writing output at timestep = 50
Writing output at timestep = 51
Writing output at timestep = 52
Writing output at timestep = 53
Writing output at timestep = 54
Writing output at timestep = 55
Writing output at timestep = 56
Writing output at timestep = 57
Writing output at timestep = 58
Writing output at timestep = 59
Writing output at timestep = 60
Writing output at timestep = 61
Writing output at timestep = 62
Writing output at timestep = 63
Writing output at timestep = 64
Writing output at timestep = 65
Writing output at timestep = 66
Writing output at timestep = 67
Writing output at timestep = 68
Writing output at timestep = 69
Writing output at timestep = 70
Writing output at timestep = 71
Writing output at timestep = 72
Writing output at timestep = 73
Writing output at timestep = 74
Writing output at timestep = 75
Writing output at timestep = 76
Writing output at timestep = 77
Writing output at timestep = 78
Writing output at timestep = 79
Writing output at timestep = 80
Writing output at timestep = 81
Writing output at timestep = 82
Writing output at timestep = 83
Writing output at timestep = 84
Writing output at timestep = 85
Writing output at timestep = 86
Writing output at timestep = 87
Writing output at timestep = 88
Writing output at timestep = 89
Writing output at timestep = 90
Writing output at timestep = 91
Writing output at timestep = 92
Writing output at timestep = 93
Writing output at timestep = 94
Writing output at timestep = 95
Writing output at timestep = 96
Writing output at timestep = 97
Writing output at timestep = 98
Writing output at timestep = 99
Writing output at timestep = 100
  → min_ess=1.00  mean_ess=2.12  max_w=0.8346  mean_rmse=0.6241  time=178.6s
  plots refreshed.

[4 / 11]

=== Run sig1.0  (N=500, σ_obs=1.0, n_stations=15) ===
Writing output at timestep = 0
Writing output at timestep = 1
Writing output at timestep = 2
Writing output at timestep = 3
Writing output at timestep = 4
Writing output at timestep = 5
Writing output at timestep = 6
Writing output at timestep = 7
Writing output at timestep = 8
Writing output at timestep = 9
Writing output at timestep = 10
Writing output at timestep = 11
Writing output at timestep = 12
Writing output at timestep = 13
Writing output at timestep = 14
Writing output at timestep = 15
Writing output at timestep = 16
Writing output at timestep = 17
Writing output at timestep = 18
Writing output at timestep = 19
Writing output at timestep = 20
Writing output at timestep = 21
Writing output at timestep = 22
Writing output at timestep = 23
Writing output at timestep = 24
Writing output at timestep = 25
Writing output at timestep = 26
Writing output at timestep = 27
Writing output at timestep = 28
Writing output at timestep = 29
Writing output at timestep = 30
Writing output at timestep = 31
Writing output at timestep = 32
Writing output at timestep = 33
Writing output at timestep = 34
Writing output at timestep = 35
Writing output at timestep = 36
Writing output at timestep = 37
Writing output at timestep = 38
Writing output at timestep = 39
Writing output at timestep = 40
Writing output at timestep = 41
Writing output at timestep = 42
Writing output at timestep = 43
Writing output at timestep = 44
Writing output at timestep = 45
Writing output at timestep = 46
Writing output at timestep = 47
Writing output at timestep = 48
Writing output at timestep = 49
Writing output at timestep = 50
Writing output at timestep = 51
Writing output at timestep = 52
Writing output at timestep = 53
Writing output at timestep = 54
Writing output at timestep = 55
Writing output at timestep = 56
Writing output at timestep = 57
Writing output at timestep = 58
Writing output at timestep = 59
Writing output at timestep = 60
Writing output at timestep = 61
Writing output at timestep = 62
Writing output at timestep = 63
Writing output at timestep = 64
Writing output at timestep = 65
Writing output at timestep = 66
Writing output at timestep = 67
Writing output at timestep = 68
Writing output at timestep = 69
Writing output at timestep = 70
Writing output at timestep = 71
Writing output at timestep = 72
Writing output at timestep = 73
Writing output at timestep = 74
Writing output at timestep = 75
Writing output at timestep = 76
Writing output at timestep = 77
Writing output at timestep = 78
Writing output at timestep = 79
Writing output at timestep = 80
Writing output at timestep = 81
Writing output at timestep = 82
Writing output at timestep = 83
Writing output at timestep = 84
Writing output at timestep = 85
Writing output at timestep = 86
Writing output at timestep = 87
Writing output at timestep = 88
Writing output at timestep = 89
Writing output at timestep = 90
Writing output at timestep = 91
Writing output at timestep = 92
Writing output at timestep = 93
Writing output at timestep = 94
Writing output at timestep = 95
Writing output at timestep = 96
Writing output at timestep = 97
Writing output at timestep = 98
Writing output at timestep = 99
Writing output at timestep = 100
  → min_ess=7.85  mean_ess=196.85  max_w=0.0171  mean_rmse=0.5924  time=179.1s
  plots refreshed.

[5 / 11]

=== Run sig5.0  (N=500, σ_obs=5.0, n_stations=15) ===
Writing output at timestep = 0
Writing output at timestep = 1
Writing output at timestep = 2
Writing output at timestep = 3
Writing output at timestep = 4
Writing output at timestep = 5
Writing output at timestep = 6
Writing output at timestep = 7
Writing output at timestep = 8
Writing output at timestep = 9
Writing output at timestep = 10
Writing output at timestep = 11
Writing output at timestep = 12
Writing output at timestep = 13
Writing output at timestep = 14
Writing output at timestep = 15
Writing output at timestep = 16
Writing output at timestep = 17
Writing output at timestep = 18
Writing output at timestep = 19
Writing output at timestep = 20
Writing output at timestep = 21
Writing output at timestep = 22
Writing output at timestep = 23
Writing output at timestep = 24
Writing output at timestep = 25
Writing output at timestep = 26
Writing output at timestep = 27
Writing output at timestep = 28
Writing output at timestep = 29
Writing output at timestep = 30
Writing output at timestep = 31
Writing output at timestep = 32
Writing output at timestep = 33
Writing output at timestep = 34
Writing output at timestep = 35
Writing output at timestep = 36
Writing output at timestep = 37
Writing output at timestep = 38
Writing output at timestep = 39
Writing output at timestep = 40
Writing output at timestep = 41
Writing output at timestep = 42
Writing output at timestep = 43
Writing output at timestep = 44
Writing output at timestep = 45
Writing output at timestep = 46
Writing output at timestep = 47
Writing output at timestep = 48
Writing output at timestep = 49
Writing output at timestep = 50
Writing output at timestep = 51
Writing output at timestep = 52
Writing output at timestep = 53
Writing output at timestep = 54
Writing output at timestep = 55
Writing output at timestep = 56
Writing output at timestep = 57
Writing output at timestep = 58
Writing output at timestep = 59
Writing output at timestep = 60
Writing output at timestep = 61
Writing output at timestep = 62
Writing output at timestep = 63
Writing output at timestep = 64
Writing output at timestep = 65
Writing output at timestep = 66
Writing output at timestep = 67
Writing output at timestep = 68
Writing output at timestep = 69
Writing output at timestep = 70
Writing output at timestep = 71
Writing output at timestep = 72
Writing output at timestep = 73
Writing output at timestep = 74
Writing output at timestep = 75
Writing output at timestep = 76
Writing output at timestep = 77
Writing output at timestep = 78
Writing output at timestep = 79
Writing output at timestep = 80
Writing output at timestep = 81
Writing output at timestep = 82
Writing output at timestep = 83
Writing output at timestep = 84
Writing output at timestep = 85
Writing output at timestep = 86
Writing output at timestep = 87
Writing output at timestep = 88
Writing output at timestep = 89
Writing output at timestep = 90
Writing output at timestep = 91
Writing output at timestep = 92
Writing output at timestep = 93
Writing output at timestep = 94
Writing output at timestep = 95
Writing output at timestep = 96
Writing output at timestep = 97
Writing output at timestep = 98
Writing output at timestep = 99
Writing output at timestep = 100
  → min_ess=266.25  mean_ess=430.64  max_w=0.0036  mean_rmse=0.4817  time=179.2s
  plots refreshed.

[6 / 11]

=== Run S5  (N=500, σ_obs=0.01, n_stations=5) ===
Writing output at timestep = 0
Writing output at timestep = 1
Writing output at timestep = 2
Writing output at timestep = 3
Writing output at timestep = 4
Writing output at timestep = 5
Writing output at timestep = 6
Writing output at timestep = 7
Writing output at timestep = 8
Writing output at timestep = 9
Writing output at timestep = 10
Writing output at timestep = 11
Writing output at timestep = 12
Writing output at timestep = 13
Writing output at timestep = 14
Writing output at timestep = 15
Writing output at timestep = 16
Writing output at timestep = 17
Writing output at timestep = 18
Writing output at timestep = 19
Writing output at timestep = 20
Writing output at timestep = 21
Writing output at timestep = 22
Writing output at timestep = 23
Writing output at timestep = 24
Writing output at timestep = 25
Writing output at timestep = 26
Writing output at timestep = 27
Writing output at timestep = 28
Writing output at timestep = 29
Writing output at timestep = 30
Writing output at timestep = 31
Writing output at timestep = 32
Writing output at timestep = 33
Writing output at timestep = 34
Writing output at timestep = 35
Writing output at timestep = 36
Writing output at timestep = 37
Writing output at timestep = 38
Writing output at timestep = 39
Writing output at timestep = 40
Writing output at timestep = 41
Writing output at timestep = 42
Writing output at timestep = 43
Writing output at timestep = 44
Writing output at timestep = 45
Writing output at timestep = 46
Writing output at timestep = 47
Writing output at timestep = 48
Writing output at timestep = 49
Writing output at timestep = 50
Writing output at timestep = 51
Writing output at timestep = 52
Writing output at timestep = 53
Writing output at timestep = 54
Writing output at timestep = 55
Writing output at timestep = 56
Writing output at timestep = 57
Writing output at timestep = 58
Writing output at timestep = 59
Writing output at timestep = 60
Writing output at timestep = 61
Writing output at timestep = 62
Writing output at timestep = 63
Writing output at timestep = 64
Writing output at timestep = 65
Writing output at timestep = 66
Writing output at timestep = 67
Writing output at timestep = 68
Writing output at timestep = 69
Writing output at timestep = 70
Writing output at timestep = 71
Writing output at timestep = 72
Writing output at timestep = 73
Writing output at timestep = 74
Writing output at timestep = 75
Writing output at timestep = 76
Writing output at timestep = 77
Writing output at timestep = 78
Writing output at timestep = 79
Writing output at timestep = 80
Writing output at timestep = 81
Writing output at timestep = 82
Writing output at timestep = 83
Writing output at timestep = 84
Writing output at timestep = 85
Writing output at timestep = 86
Writing output at timestep = 87
Writing output at timestep = 88
Writing output at timestep = 89
Writing output at timestep = 90
Writing output at timestep = 91
Writing output at timestep = 92
Writing output at timestep = 93
Writing output at timestep = 94
Writing output at timestep = 95
Writing output at timestep = 96
Writing output at timestep = 97
Writing output at timestep = 98
Writing output at timestep = 99
Writing output at timestep = 100
  → min_ess=1.00  mean_ess=1.06  max_w=1.0000  mean_rmse=0.7111  time=178.5s
  plots refreshed.

[7 / 11]

=== Run S1  (N=500, σ_obs=0.01, n_stations=1) ===
Writing output at timestep = 0
Writing output at timestep = 1
Writing output at timestep = 2
Writing output at timestep = 3
Writing output at timestep = 4
Writing output at timestep = 5
Writing output at timestep = 6
Writing output at timestep = 7
Writing output at timestep = 8
Writing output at timestep = 9
Writing output at timestep = 10
Writing output at timestep = 11
Writing output at timestep = 12
Writing output at timestep = 13
Writing output at timestep = 14
Writing output at timestep = 15
Writing output at timestep = 16
Writing output at timestep = 17
Writing output at timestep = 18
Writing output at timestep = 19
Writing output at timestep = 20
Writing output at timestep = 21
Writing output at timestep = 22
Writing output at timestep = 23
Writing output at timestep = 24
Writing output at timestep = 25
Writing output at timestep = 26
Writing output at timestep = 27
Writing output at timestep = 28
Writing output at timestep = 29
Writing output at timestep = 30
Writing output at timestep = 31
Writing output at timestep = 32
Writing output at timestep = 33
Writing output at timestep = 34
Writing output at timestep = 35
Writing output at timestep = 36
Writing output at timestep = 37
Writing output at timestep = 38
Writing output at timestep = 39
Writing output at timestep = 40
Writing output at timestep = 41
Writing output at timestep = 42
Writing output at timestep = 43
Writing output at timestep = 44
Writing output at timestep = 45
Writing output at timestep = 46
Writing output at timestep = 47
Writing output at timestep = 48
Writing output at timestep = 49
Writing output at timestep = 50
Writing output at timestep = 51
Writing output at timestep = 52
Writing output at timestep = 53
Writing output at timestep = 54
Writing output at timestep = 55
Writing output at timestep = 56
Writing output at timestep = 57
Writing output at timestep = 58
Writing output at timestep = 59
Writing output at timestep = 60
Writing output at timestep = 61
Writing output at timestep = 62
Writing output at timestep = 63
Writing output at timestep = 64
Writing output at timestep = 65
Writing output at timestep = 66
Writing output at timestep = 67
Writing output at timestep = 68
Writing output at timestep = 69
Writing output at timestep = 70
Writing output at timestep = 71
Writing output at timestep = 72
Writing output at timestep = 73
Writing output at timestep = 74
Writing output at timestep = 75
Writing output at timestep = 76
Writing output at timestep = 77
Writing output at timestep = 78
Writing output at timestep = 79
Writing output at timestep = 80
Writing output at timestep = 81
Writing output at timestep = 82
Writing output at timestep = 83
Writing output at timestep = 84
Writing output at timestep = 85
Writing output at timestep = 86
Writing output at timestep = 87
Writing output at timestep = 88
Writing output at timestep = 89
Writing output at timestep = 90
Writing output at timestep = 91
Writing output at timestep = 92
Writing output at timestep = 93
Writing output at timestep = 94
Writing output at timestep = 95
Writing output at timestep = 96
Writing output at timestep = 97
Writing output at timestep = 98
Writing output at timestep = 99
Writing output at timestep = 100
  → min_ess=8.89  mean_ess=47.17  max_w=0.0239  mean_rmse=0.6344  time=178.6s
  plots refreshed.

[8 / 11]

=== Run N500  (N=500, σ_obs=0.01, n_stations=15) ===
Writing output at timestep = 0
Writing output at timestep = 1
Writing output at timestep = 2
Writing output at timestep = 3
Writing output at timestep = 4
Writing output at timestep = 5
Writing output at timestep = 6
Writing output at timestep = 7
Writing output at timestep = 8
Writing output at timestep = 9
Writing output at timestep = 10
Writing output at timestep = 11
Writing output at timestep = 12
Writing output at timestep = 13
Writing output at timestep = 14
Writing output at timestep = 15
Writing output at timestep = 16
Writing output at timestep = 17
Writing output at timestep = 18
Writing output at timestep = 19
Writing output at timestep = 20
Writing output at timestep = 21
Writing output at timestep = 22
Writing output at timestep = 23
Writing output at timestep = 24
Writing output at timestep = 25
Writing output at timestep = 26
Writing output at timestep = 27
Writing output at timestep = 28
Writing output at timestep = 29
Writing output at timestep = 30
Writing output at timestep = 31
Writing output at timestep = 32
Writing output at timestep = 33
Writing output at timestep = 34
Writing output at timestep = 35
Writing output at timestep = 36
Writing output at timestep = 37
Writing output at timestep = 38
Writing output at timestep = 39
Writing output at timestep = 40
Writing output at timestep = 41
Writing output at timestep = 42
Writing output at timestep = 43
Writing output at timestep = 44
Writing output at timestep = 45
Writing output at timestep = 46
Writing output at timestep = 47
Writing output at timestep = 48
Writing output at timestep = 49
Writing output at timestep = 50
Writing output at timestep = 51
Writing output at timestep = 52
Writing output at timestep = 53
Writing output at timestep = 54
Writing output at timestep = 55
Writing output at timestep = 56
Writing output at timestep = 57
Writing output at timestep = 58
Writing output at timestep = 59
Writing output at timestep = 60
Writing output at timestep = 61
Writing output at timestep = 62
Writing output at timestep = 63
Writing output at timestep = 64
Writing output at timestep = 65
Writing output at timestep = 66
Writing output at timestep = 67
Writing output at timestep = 68
Writing output at timestep = 69
Writing output at timestep = 70
Writing output at timestep = 71
Writing output at timestep = 72
Writing output at timestep = 73
Writing output at timestep = 74
Writing output at timestep = 75
Writing output at timestep = 76
Writing output at timestep = 77
Writing output at timestep = 78
Writing output at timestep = 79
Writing output at timestep = 80
Writing output at timestep = 81
Writing output at timestep = 82
Writing output at timestep = 83
Writing output at timestep = 84
Writing output at timestep = 85
Writing output at timestep = 86
Writing output at timestep = 87
Writing output at timestep = 88
Writing output at timestep = 89
Writing output at timestep = 90
Writing output at timestep = 91
Writing output at timestep = 92
Writing output at timestep = 93
Writing output at timestep = 94
Writing output at timestep = 95
Writing output at timestep = 96
Writing output at timestep = 97
Writing output at timestep = 98
Writing output at timestep = 99
Writing output at timestep = 100
  → min_ess=1.00  mean_ess=1.00  max_w=1.0000  mean_rmse=0.6374  time=178.7s
  plots refreshed.

[9 / 11]

=== Run N1000  (N=1000, σ_obs=0.01, n_stations=15) ===
Writing output at timestep = 0
Writing output at timestep = 1
Writing output at timestep = 2
Writing output at timestep = 3
Writing output at timestep = 4
Writing output at timestep = 5
Writing output at timestep = 6
Writing output at timestep = 7
Writing output at timestep = 8
Writing output at timestep = 9
Writing output at timestep = 10
Writing output at timestep = 11
Writing output at timestep = 12
Writing output at timestep = 13
Writing output at timestep = 14
Writing output at timestep = 15
Writing output at timestep = 16
Writing output at timestep = 17
Writing output at timestep = 18
Writing output at timestep = 19
Writing output at timestep = 20
Writing output at timestep = 21
Writing output at timestep = 22
Writing output at timestep = 23
Writing output at timestep = 24
Writing output at timestep = 25
Writing output at timestep = 26
Writing output at timestep = 27
Writing output at timestep = 28
Writing output at timestep = 29
Writing output at timestep = 30
Writing output at timestep = 31
Writing output at timestep = 32
Writing output at timestep = 33
Writing output at timestep = 34
Writing output at timestep = 35
Writing output at timestep = 36
Writing output at timestep = 37
Writing output at timestep = 38
Writing output at timestep = 39
Writing output at timestep = 40
Writing output at timestep = 41
Writing output at timestep = 42
Writing output at timestep = 43
Writing output at timestep = 44
Writing output at timestep = 45
Writing output at timestep = 46
Writing output at timestep = 47
Writing output at timestep = 48
Writing output at timestep = 49
Writing output at timestep = 50
Writing output at timestep = 51
Writing output at timestep = 52
Writing output at timestep = 53
Writing output at timestep = 54
Writing output at timestep = 55
Writing output at timestep = 56
Writing output at timestep = 57
Writing output at timestep = 58
Writing output at timestep = 59
Writing output at timestep = 60
Writing output at timestep = 61
Writing output at timestep = 62
Writing output at timestep = 63
Writing output at timestep = 64
Writing output at timestep = 65
Writing output at timestep = 66
Writing output at timestep = 67
Writing output at timestep = 68
Writing output at timestep = 69
Writing output at timestep = 70
Writing output at timestep = 71
Writing output at timestep = 72
Writing output at timestep = 73
Writing output at timestep = 74
Writing output at timestep = 75
Writing output at timestep = 76
Writing output at timestep = 77
Writing output at timestep = 78
Writing output at timestep = 79
Writing output at timestep = 80
Writing output at timestep = 81
Writing output at timestep = 82
Writing output at timestep = 83
Writing output at timestep = 84
Writing output at timestep = 85
Writing output at timestep = 86
Writing output at timestep = 87
Writing output at timestep = 88
Writing output at timestep = 89
Writing output at timestep = 90
Writing output at timestep = 91
Writing output at timestep = 92
Writing output at timestep = 93
Writing output at timestep = 94
Writing output at timestep = 95
Writing output at timestep = 96
Writing output at timestep = 97
Writing output at timestep = 98
Writing output at timestep = 99
Writing output at timestep = 100
  → min_ess=1.00  mean_ess=1.00  max_w=1.0000  mean_rmse=0.6087  time=358.0s
  plots refreshed.

[10 / 11]

=== Run N5000  (N=5000, σ_obs=0.01, n_stations=15) ===
Writing output at timestep = 0
Writing output at timestep = 1
Writing output at timestep = 2
Writing output at timestep = 3
Writing output at timestep = 4
Writing output at timestep = 5
Writing output at timestep = 6
Writing output at timestep = 7
Writing output at timestep = 8
Writing output at timestep = 9
Writing output at timestep = 10
Writing output at timestep = 11
Writing output at timestep = 12
Writing output at timestep = 13
Writing output at timestep = 14
Writing output at timestep = 15
Writing output at timestep = 16
Writing output at timestep = 17
Writing output at timestep = 18
Writing output at timestep = 19
Writing output at timestep = 20
Writing output at timestep = 21
Writing output at timestep = 22
Writing output at timestep = 23
Writing output at timestep = 24
Writing output at timestep = 25
Writing output at timestep = 26
Writing output at timestep = 27
Writing output at timestep = 28
Writing output at timestep = 29
Writing output at timestep = 30
Writing output at timestep = 31
Writing output at timestep = 32
Writing output at timestep = 33
Writing output at timestep = 34
Writing output at timestep = 35
Writing output at timestep = 36
Writing output at timestep = 37
Writing output at timestep = 38
Writing output at timestep = 39
Writing output at timestep = 40
Writing output at timestep = 41
Writing output at timestep = 42
Writing output at timestep = 43
Writing output at timestep = 44
Writing output at timestep = 45
Writing output at timestep = 46
Writing output at timestep = 47
Writing output at timestep = 48
Writing output at timestep = 49
Writing output at timestep = 50
Writing output at timestep = 51
Writing output at timestep = 52
Writing output at timestep = 53
Writing output at timestep = 54
Writing output at timestep = 55
Writing output at timestep = 56
Writing output at timestep = 57
Writing output at timestep = 58
Writing output at timestep = 59
Writing output at timestep = 60
Writing output at timestep = 61
Writing output at timestep = 62
Writing output at timestep = 63
Writing output at timestep = 64
Writing output at timestep = 65
Writing output at timestep = 66
Writing output at timestep = 67
Writing output at timestep = 68
Writing output at timestep = 69
Writing output at timestep = 70
Writing output at timestep = 71
Writing output at timestep = 72
Writing output at timestep = 73
Writing output at timestep = 74
Writing output at timestep = 75
Writing output at timestep = 76
Writing output at timestep = 77
Writing output at timestep = 78
Writing output at timestep = 79
Writing output at timestep = 80
Writing output at timestep = 81
Writing output at timestep = 82
Writing output at timestep = 83
Writing output at timestep = 84
Writing output at timestep = 85
Writing output at timestep = 86
Writing output at timestep = 87
Writing output at timestep = 88
Writing output at timestep = 89
Writing output at timestep = 90
Writing output at timestep = 91
Writing output at timestep = 92
Writing output at timestep = 93
Writing output at timestep = 94
Writing output at timestep = 95
Writing output at timestep = 96
Writing output at timestep = 97
Writing output at timestep = 98
Writing output at timestep = 99
Writing output at timestep = 100
  → min_ess=1.00  mean_ess=1.02  max_w=1.0000  mean_rmse=0.6448  time=1805.7s
  plots refreshed.

[11 / 11]

=== Run N10000  (N=10000, σ_obs=0.01, n_stations=15) ===
Writing output at timestep = 0
Writing output at timestep = 1
Writing output at timestep = 2
Writing output at timestep = 3
Writing output at timestep = 4
Writing output at timestep = 5
Writing output at timestep = 6
Writing output at timestep = 7
Writing output at timestep = 8
Writing output at timestep = 9
Writing output at timestep = 10
Writing output at timestep = 11
Writing output at timestep = 12
Writing output at timestep = 13
Writing output at timestep = 14
Writing output at timestep = 15
Writing output at timestep = 16
Writing output at timestep = 17
Writing output at timestep = 18
Writing output at timestep = 19
Writing output at timestep = 20
Writing output at timestep = 21
Writing output at timestep = 22
Writing output at timestep = 23
Writing output at timestep = 24
Writing output at timestep = 25
Writing output at timestep = 26
Writing output at timestep = 27
Writing output at timestep = 28
Writing output at timestep = 29
Writing output at timestep = 30
Writing output at timestep = 31
Writing output at timestep = 32
Writing output at timestep = 33
Writing output at timestep = 34
Writing output at timestep = 35
Writing output at timestep = 36
Writing output at timestep = 37
Writing output at timestep = 38
Writing output at timestep = 39
Writing output at timestep = 40
Writing output at timestep = 41
Writing output at timestep = 42
Writing output at timestep = 43
Writing output at timestep = 44
Writing output at timestep = 45
Writing output at timestep = 46
Writing output at timestep = 47
Writing output at timestep = 48
Writing output at timestep = 49
Writing output at timestep = 50
Writing output at timestep = 51
Writing output at timestep = 52
Writing output at timestep = 53
Writing output at timestep = 54
Writing output at timestep = 55
Writing output at timestep = 56
Writing output at timestep = 57
Writing output at timestep = 58
Writing output at timestep = 59
Writing output at timestep = 60
Writing output at timestep = 61
Writing output at timestep = 62
Writing output at timestep = 63
Writing output at timestep = 64
Writing output at timestep = 65
Writing output at timestep = 66
Writing output at timestep = 67
Writing output at timestep = 68
Writing output at timestep = 69
Writing output at timestep = 70
Writing output at timestep = 71
Writing output at timestep = 72
Writing output at timestep = 73
Writing output at timestep = 74
Writing output at timestep = 75
Writing output at timestep = 76
Writing output at timestep = 77
Writing output at timestep = 78
Writing output at timestep = 79
Writing output at timestep = 80
Writing output at timestep = 81
Writing output at timestep = 82
Writing output at timestep = 83
Writing output at timestep = 84
Writing output at timestep = 85
Writing output at timestep = 86
Writing output at timestep = 87
Writing output at timestep = 88
Writing output at timestep = 89
Writing output at timestep = 90
Writing output at timestep = 91
Writing output at timestep = 92
Writing output at timestep = 93
Writing output at timestep = 94
Writing output at timestep = 95
Writing output at timestep = 96
Writing output at timestep = 97
Writing output at timestep = 98
Writing output at timestep = 99
Writing output at timestep = 100
  → min_ess=1.00  mean_ess=1.03  max_w=1.0000  mean_rmse=0.6483  time=3726.5s
  plots refreshed.

========== FINAL SUMMARY ==========
label         N    σ_obs   S |  min_ess mean_ess    max_w |  mean_rmse final_rmse  wallclock
N50          50    0.010  15 |     1.00     1.01   1.0000 |     0.6309     0.8621       21.6
N200        200    0.010  15 |     1.00     1.00   1.0000 |     0.6193     0.8752       71.5
sig0.1      500    0.100  15 |     1.00     2.12   0.8346 |     0.6241     0.7918      178.6
sig1.0      500    1.000  15 |     7.85   196.85   0.0171 |     0.5924     0.8462      179.1
sig5.0      500    5.000  15 |   266.25   430.64   0.0036 |     0.4817     0.8726      179.2
S5          500    0.010   5 |     1.00     1.06   1.0000 |     0.7111     0.9877      178.5
S1          500    0.010   1 |     8.89    47.17   0.0239 |     0.6344     1.0478      178.6
N500        500    0.010  15 |     1.00     1.00   1.0000 |     0.6374     0.8982      178.7
N1000      1000    0.010  15 |     1.00     1.00   1.0000 |     0.6087     0.8721      358.0
N5000      5000    0.010  15 |     1.00     1.02   1.0000 |     0.6448     0.8564     1805.7
N10000    10000    0.010  15 |     1.00     1.03   1.0000 |     0.6483     0.8215     3726.5

→ Highest absolute min_ess:  sig5.0 → min_ess=266.25
→ Highest min_ess / N:       sig5.0 → 53.25%
